AdroitHandRelocateDense-v1, AdroitHandHammerDense-v1, AdroitHandDoorDense-v1 environment's reward functions were updated in v1.2.1 without an environment version update. Therefore, use gymnasium-robotics==1.2.0 for v1 reproducibility or use v2 in gymnasium-robotics>=1.4.3. See https://github.com/Farama-Foundation/Gymnasium-Robotics/pull/220 for more details

PokeWorld theta recovery -- val R^2 (256 episodes x 48, 60 epochs, seed 0, encoder tiny_cnn, probe source predicted, probe_hidden 0)

  windows after observability filter: 10496 train / 2624 val
  decodable = supervised ridge read-out on the FROZEN latent
              (upper bound: is the physics encoded at all?)
  own probe = the model's unsupervised probe through the solver

param      predictive/decodable  predictive/own_probe      physwm/decodable      physwm/own_probe
mass                    -0.8154               -2.1130               -0.7064               -2.7537
friction                -0.2690                0.0005               -0.4502               -2.7679

Dynamics-coordinate recovery -- val R^2
coordinate  predictive/decodable  predictive/own_probe      physwm/decodable      physwm/own_probe
mass                    -0.8154               -2.1130               -0.7064               -2.7537
friction                -0.2690                0.0005               -0.4502               -2.7679

Prediction/fidelity RMSE on the SAME held-out checkpoints
metric                            predictive          physwm
path_a_vs_dataset                     0.4203          0.4213
path_a_query_vs_dataset               0.4446          0.4468
path_b_vs_teacher                     8.9898          0.7709
path_b_vs_dataset                     8.9789          0.7972
persistence_vs_dataset                0.6229          0.6229
persistence_query_vs_dataset          0.6394          0.6394

reading it: if `predictive/decodable` is near zero the predictive
objective never encoded that parameter -- which is the claim. If it is
high but `predictive/own_probe` is low, the physics was already there
and only the read-out was missing.

wrote /workspace/physwm-artifacts/runs/fetch-matrix-256ep/A_fetch_claim_seed0.json
