
PokeWorld theta recovery -- val R^2 (256 episodes x 48, 60 epochs, seed 0, encoder tiny_cnn, probe source predicted, probe_hidden 0)

  windows after observability filter: 10496 train / 2624 val
  decodable = supervised ridge read-out on the FROZEN latent
              (upper bound: is the physics encoded at all?)
  own probe = the model's unsupervised probe through the solver

param      state_target/decodable  state_target/own_probe
mass                      -0.4114                 -2.7567
friction                  -0.7747                 -2.7710

Dynamics-coordinate recovery -- val R^2
coordinate  state_target/decodable  state_target/own_probe
mass                      -0.4114                 -2.7567
friction                  -0.7747                 -2.7710

Prediction/fidelity RMSE on the SAME held-out checkpoints
metric                          state_target
path_a_vs_dataset                     0.4334
path_a_query_vs_dataset               0.4592
path_b_vs_teacher                     0.7650
path_b_vs_dataset                     0.7972
persistence_vs_dataset                0.6229
persistence_query_vs_dataset          0.6394

reading it: if `predictive/decodable` is near zero the predictive
objective never encoded that parameter -- which is the claim. If it is
high but `predictive/own_probe` is low, the physics was already there
and only the read-out was missing.

wrote /workspace/physwm-artifacts/runs/fetch-matrix-256ep/C_fetch_dataset_target_seed0.json
