
PokeWorld theta recovery -- val R^2 (256 episodes x 48, 60 epochs, seed 1, encoder tiny_cnn, probe source predicted, probe_hidden 0)

  windows after observability filter: 10496 train / 2624 val
  decodable = supervised ridge read-out on the FROZEN latent
              (upper bound: is the physics encoded at all?)
  own probe = the model's unsupervised probe through the solver

param      predictive/decodable  predictive/own_probe      physwm/decodable      physwm/own_probe
mass                    -0.8466               -2.0476               -0.6979               -2.7544
friction                -1.2839               -0.0054               -0.9898               -2.7665

Dynamics-coordinate recovery -- val R^2
coordinate  predictive/decodable  predictive/own_probe      physwm/decodable      physwm/own_probe
mass                    -0.8466               -2.0476               -0.6979               -2.7544
friction                -1.2839               -0.0054               -0.9898               -2.7665

Prediction/fidelity RMSE on the SAME held-out checkpoints
metric                            predictive          physwm
path_a_vs_dataset                     0.3987          0.4044
path_a_query_vs_dataset               0.4293          0.4320
path_b_vs_teacher                     8.4081          0.7338
path_b_vs_dataset                     8.3781          0.7633
persistence_vs_dataset                0.6293          0.6293
persistence_query_vs_dataset          0.6562          0.6562

reading it: if `predictive/decodable` is near zero the predictive
objective never encoded that parameter -- which is the claim. If it is
high but `predictive/own_probe` is low, the physics was already there
and only the read-out was missing.

wrote /workspace/physwm-artifacts/runs/fetch-matrix-256ep-fixed/A_fetch_claim_seed1.json
