
PokeWorld theta recovery -- val R^2 (256 episodes x 48, 60 epochs, seed 2, encoder tiny_cnn, probe source predicted, probe_hidden 0)

  windows after observability filter: 10496 train / 2624 val
  decodable = supervised ridge read-out on the FROZEN latent
              (upper bound: is the physics encoded at all?)
  own probe = the model's unsupervised probe through the solver

param      predictive/decodable  predictive/own_probe      physwm/decodable      physwm/own_probe
mass                    -1.0440               -2.0562               -0.6513               -2.7081
friction                -1.0516               -0.0044               -0.6997               -2.8146

Dynamics-coordinate recovery -- val R^2
coordinate  predictive/decodable  predictive/own_probe      physwm/decodable      physwm/own_probe
mass                    -1.0440               -2.0562               -0.6513               -2.7081
friction                -1.0516               -0.0044               -0.6997               -2.8146

Prediction/fidelity RMSE on the SAME held-out checkpoints
metric                            predictive          physwm
path_a_vs_dataset                     0.4386          0.4350
path_a_query_vs_dataset               0.4598          0.4535
path_b_vs_teacher                     9.1915          0.7938
path_b_vs_dataset                     9.1541          0.8240
persistence_vs_dataset                0.6907          0.6907
persistence_query_vs_dataset          0.7068          0.7068

reading it: if `predictive/decodable` is near zero the predictive
objective never encoded that parameter -- which is the claim. If it is
high but `predictive/own_probe` is low, the physics was already there
and only the read-out was missing.

wrote /workspace/physwm-artifacts/runs/fetch-matrix-256ep-fixed/A_fetch_claim_seed2.json
