
PokeWorld theta recovery -- val R^2 (256 episodes x 48, 60 epochs, seed 0, encoder tiny_cnn, probe source predicted, probe_hidden 0)

  windows after observability filter: 10496 train / 2624 val
  decodable = supervised ridge read-out on the FROZEN latent
              (upper bound: is the physics encoded at all?)
  own probe = the model's unsupervised probe through the solver

param      predictive/decodable  predictive/own_probe      physwm/decodable      physwm/own_probe
mass                    -0.7864               -2.1136               -0.5844               -2.7553
friction                -1.0753               -0.0011               -0.5101               -2.7701

Dynamics-coordinate recovery -- val R^2
coordinate  predictive/decodable  predictive/own_probe      physwm/decodable      physwm/own_probe
mass                    -0.7864               -2.1136               -0.5844               -2.7553
friction                -1.0753               -0.0011               -0.5101               -2.7701

Prediction/fidelity RMSE on the SAME held-out checkpoints
metric                            predictive          physwm
path_a_vs_dataset                     0.4200          0.4218
path_a_query_vs_dataset               0.4436          0.4484
path_b_vs_teacher                     8.6747          0.7288
path_b_vs_dataset                     8.6414          0.7490
persistence_vs_dataset                0.6229          0.6229
persistence_query_vs_dataset          0.6394          0.6394

reading it: if `predictive/decodable` is near zero the predictive
objective never encoded that parameter -- which is the claim. If it is
high but `predictive/own_probe` is low, the physics was already there
and only the read-out was missing.

wrote /workspace/physwm-artifacts/runs/fetch-matrix-256ep-fixed/A_fetch_claim_seed0.json
