/workspace/stable-worldmodel/.venv/lib/python3.10/site-packages/gymnasium/spaces/box.py:415: UserWarning: [33mWARN: Casting input x to numpy array.[0m
  gym.logger.warn("Casting input x to numpy array.")
/workspace/stable-worldmodel/.venv/lib/python3.10/site-packages/gymnasium/utils/passive_env_checker.py:157: UserWarning: [33mWARN: The obs returned by the `step()` method is not within the observation space.[0m
  logger.warn(f"{pre} is not within the observation space.")

PokeWorld theta recovery -- val R^2 (512 episodes x 48, 40 epochs, seed 0, encoder tiny_cnn, probe source predicted, probe_hidden 0)

  windows after observability filter: 20992 train / 5248 val
  decodable = supervised ridge read-out on the FROZEN latent
              (upper bound: is the physics encoded at all?)
  own probe = the model's unsupervised probe through the solver

param               predictive/decodable  predictive/own_probe      physwm/decodable      physwm/own_probe
agent_kp                         -0.0702               -0.1647                0.0830               -0.0117
agent_kv                         -0.3476               -0.1246               -0.0263                0.0149
agent_radius                         nan                   nan                   nan                   nan
block_radius                         nan                   nan                   nan                   nan
contact_stiffness                    nan                   nan                   nan                   nan
mobility_lin                         nan                   nan                   nan                   nan
mobility_ang                         nan                   nan                   nan                   nan
com_offset_x                         nan                   nan                   nan                   nan
com_offset_y                         nan                   nan                   nan                   nan

Dynamics-coordinate recovery -- val R^2
coordinate          predictive/decodable  predictive/own_probe      physwm/decodable      physwm/own_probe
agent_kp                         -0.0702               -0.1647                0.0830               -0.0117
agent_kv                         -0.3476               -0.1246               -0.0263                0.0149
agent_radius                         nan                   nan                   nan                   nan
block_radius                         nan                   nan                   nan                   nan
contact_stiffness                    nan                   nan                   nan                   nan
mobility_lin                         nan                   nan                   nan                   nan
mobility_ang                         nan                   nan                   nan                   nan
com_offset_x                         nan                   nan                   nan                   nan
com_offset_y                         nan                   nan                   nan                   nan

Prediction/fidelity RMSE on the SAME held-out checkpoints
metric                            predictive          physwm
path_a_vs_dataset                     0.6157          0.6198
path_a_query_vs_dataset               0.6300          0.6347
path_b_vs_teacher                     0.6020          0.6031
path_b_vs_dataset                     0.2150          0.1963
persistence_vs_dataset                0.5837          0.5837
persistence_query_vs_dataset          0.5798          0.5798

reading it: if `predictive/decodable` is near zero the predictive
objective never encoded that parameter -- which is the claim. If it is
high but `predictive/own_probe` is low, the physics was already there
and only the read-out was missing.

wrote /workspace/physwm-artifacts/runs/pusht-cartpole-matrix/pusht_rand_decod_seed0.json
